<html>
<body>
<pre>
<h1>µVision Build Log</h1>
<h2>Tool Versions:</h2>
IDE-Version: µVision V5.21.1.0
Copyright (C) 2016 ARM Ltd and ARM Germany GmbH. All rights reserved.
License Information: Dennis Chen, HKUST, LIC=32BVE-5TBMG-44YSX-H5DGM-R17V1-GNPPH
 
Tool Versions:
Toolchain:       MDK-ARM Plus  Version: 5.21a
Toolchain Path:  C:\Keil_v5\ARM\ARMCC\Bin
C Compiler:      Armcc.exe V5.06 update 3 (build 300)
Assembler:       Armasm.exe V5.06 update 3 (build 300)
Linker/Locator:  ArmLink.exe V5.06 update 3 (build 300)
Library Manager: ArmAr.exe V5.06 update 3 (build 300)
Hex Converter:   FromElf.exe V5.06 update 3 (build 300)
CPU DLL:         SARMCM3.DLL V5.21a
Dialog DLL:      DCM.DLL V1.13.8.0
Target DLL:      UL2CM3.DLL V1.158.5.0
Dialog DLL:      TCM.DLL V1.14.14.0
 
<h2>Project:</h2>
C:\Users\Dennis\GitHub\Robotics-Design-Contest\ustrobo16_internal.uvprojx
Project File Date:  11/02/2016

<h2>Output:</h2>
*** Using Compiler 'V5.06 update 3 (build 300)', folder: 'C:\Keil_v5\ARM\ARMCC\Bin'
Build target 'stm32f103rb_template'
compiling main.c...
src\user\main.c(108): warning:  #177-D: variable "firstMaxMedianIndex" was declared but never referenced
      int firstMaxMedianIndex = 0;
src\user\main.c(109): warning:  #177-D: variable "lastMaxMedianIndex" was declared but never referenced
      int lastMaxMedianIndex = 0;
src\user\main.c(210): warning:  #188-D: enumerated type mixed with another type
          motor_control(0, 1, 5); //id, direction, magnitude
src\user\main.c(349): warning:  #1-D: last line of file ends without a newline
  }
src\user\main.c: 4 warnings, 0 errors
linking...
Program Size: Code=16280 RO-data=13868 RW-data=176 ZI-data=3144  
FromELF: creating hex file...
".\Objects\ustrobo16_internal.axf" - 0 Error(s), 4 Warning(s).

<h2>Collection of Component include folders:</h2>
  C:\Users\Dennis\GitHub\Robotics-Design-Contest\RTE
  C:\Keil_v5\ARM\PACK\Keil\STM32F1xx_DFP\2.1.0\Device\Include

<h2>Collection of Component Files used:</h2>
Build Time Elapsed:  00:00:00
</pre>
</body>
</html>
